---
source: src/commands/overview.rs
expression: "command_overview_lines().join(\"\\n\")"
---
jk command registry

common flows (grouped, condensed)

Navigation:
key          flow                   mode       tier
--------------------------------------------------
j/k, Up/Down move by item           native     A    PgUp/PgDn    page by viewport       native     A
Ctrl+u/d     page up/down           native     A    g/G, Home/End jump top/bottom        native     A
Left/Right   screen history         native     A    Ctrl+o/i     back/forward           native     A
:            run exact command      native     A

Views:
key          flow                   mode       tier
--------------------------------------------------
l            log history            native     A    s            status working copy    native     A
Enter        show selected revision native     A    d            diff selected revision native     A
o            operation log          guided     B    L            bookmark list          guided     B
v            resolve list           guided     B    f            file list              guided     B
t            tag list               guided     B    w            workspace root         passthrough A
?            commands help          native     A    K            keys keymap            native     A

Actions:
key          flow                   mode       tier
--------------------------------------------------
n            new change             guided     B    c            commit                 guided     B
D            describe selected      guided     B    b            bookmark set           guided     C
F / P        git fetch / push       guided     B/C  B/S/X        rebase/squash/split    guided     C
a            abandon selected       guided     C    u/U          undo / redo            guided     C
p            toggle log patch       native     A

Safety:
key          flow                   mode       tier
--------------------------------------------------
y            accept confirm prompt  native     C    n / Esc      reject or cancel       native     A
Esc          cancel command mode    native     A    Tier C       explicit confirmation  native     C


all top-level commands (common first, condensed)
command            mode       tier
--------------------------------
abandon            guided     C           bookmark (b)       guided     B
commit (ci)        guided     B           describe (desc)    guided     B
diff               native     A           file               guided     B
git                guided     B           help               passthrough A
log                native     A           new                guided     B
operation (op)     guided     B           rebase             guided     C
redo               guided     C           resolve            guided     B
root               passthrough A          show               native     A
split              guided     C           squash             guided     C
status (st)        native     A           tag                guided     B
undo               guided     C           absorb             guided     C
bisect             passthrough B          config             passthrough B
diffedit           guided     C           duplicate          guided     B
edit               guided     B           evolog             guided     A
fix                guided     C           gerrit             passthrough B
interdiff          guided     A           metaedit           guided     B
next               guided     B           parallelize        guided     C
prev               guided     B           restore            guided     C
revert             guided     C           sign               passthrough B
simplify-parents   guided     C           sparse             passthrough B
unsign             passthrough B          util               passthrough A
version            passthrough A          workspace          guided     B
aliases (local)    native     A           keys (local)       native     A
keymap (local)     native     A

aliases: b ci desc op st gf gp rbm rbt jjgf jjgp jjrbm jjst jjl
tips: :aliases shows mappings, :keys shows active keybinds
defaults: bookmark/file/tag/workspace -> list, resolve -> resolve -l, operation -> log
