---
source: src/commands/overview.rs
expression: "command_overview_lines().join(\"\\n\")"
---
jk command registry

common flows (grouped, condensed)

Navigation:
key          action                   notes
------------------------------------------------
j/k, Up/Down move by item             selection     PgUp/PgDn    page by viewport         navigation
Ctrl+u/d     page up/down             navigation    g/G, Home/End jump top/bottom          navigation
Left/Right   screen history           back/forward  Ctrl+o/i     back/forward             history
:            run exact command        jj-style

Views:
key          action                   notes
------------------------------------------------
l            log history              home           s            status working copy      triage
Enter        show selected revision   inspect        d            diff selected revision   inspect
o            operation log            jj op log      L            bookmark list            jj bookmark list
v            resolve list             jj resolve -l  f            file list                jj file list
t            tag list                 jj tag list    w            workspace root           jj root
?            commands help            discover       K            keys keymap              discover

Actions:
key          action                   notes
------------------------------------------------
n            new change               opens prompt           c            commit                   opens prompt
D            describe selected        opens prompt           b            bookmark set             prompt + confirm
F / P        git fetch / push         prompt; push confirms  B/S/X        rebase/squash/split      confirm
a            abandon selected         confirm                u/U          undo / redo              confirm
p            toggle log patch         view detail

Safety:
key          action                   notes
------------------------------------------------
y            accept confirmation      run command  n / Esc      reject or cancel         safe exit
Esc          cancel command mode      safe exit    high-risk actions always ask confirmation  before mutate


all top-level commands (common first, condensed)
command            behavior
----------------------------------------------------
abandon            opens prompt + asks confirmation   bookmark (b)       opens prompt
commit (ci)        opens prompt                       describe (desc)    opens prompt
diff               runs now                           file               opens prompt
git                opens prompt                       help               runs as jj
log                runs now                           new                opens prompt
operation (op)     opens prompt                       rebase             opens prompt + asks confirmation
redo               opens prompt + asks confirmation   resolve            opens prompt
root               runs as jj                         show               runs now
split              opens prompt + asks confirmation   squash             opens prompt + asks confirmation
status (st)        runs now                           tag                opens prompt
undo               opens prompt + asks confirmation   absorb             opens prompt + asks confirmation
bisect             runs as jj                         config             runs as jj
diffedit           opens prompt + asks confirmation   duplicate          opens prompt
edit               opens prompt                       evolog             opens prompt
fix                opens prompt + asks confirmation   gerrit             runs as jj
interdiff          opens prompt                       metaedit           opens prompt
next               opens prompt                       parallelize        opens prompt + asks confirmation
prev               opens prompt                       restore            opens prompt + asks confirmation
revert             opens prompt + asks confirmation   sign               runs as jj
simplify-parents   opens prompt + asks confirmation   sparse             runs as jj
unsign             runs as jj                         util               runs as jj
version            runs as jj                         workspace          opens prompt
aliases (local)    local view                         keys (local)       local view
keymap (local)     local view

aliases: b ci desc op st gf gp rbm rbt jjgf jjgp jjrbm jjst jjl
tips: :aliases shows mappings, :keys shows active keybinds
defaults: bookmark/file/tag/workspace -> list, resolve -> resolve -l, operation -> log
